200	322734	https://evenox.ca/
200	244374	https://evenox.ca/decoration-ballon/
200	258121	https://evenox.ca/decoration-blainville/
200	258045	https://evenox.ca/decoration-brossard/
200	357022	https://evenox.ca/decoration-cle-en-main/
200	320597	https://evenox.ca/decoration-de-ballons/
200	257967	https://evenox.ca/decoration-laval/
200	258078	https://evenox.ca/decoration-longueuil/
200	258081	https://evenox.ca/decoration-mascouche/
200	258090	https://evenox.ca/decoration-montreal/
200	258046	https://evenox.ca/decoration-rive-nord/
200	258314	https://evenox.ca/decoration-sainte-therese/
200	258098	https://evenox.ca/decoration-terrebonne/
200	278757	https://evenox.ca/evenement-cle-en-main-blainville/
200	278538	https://evenox.ca/evenement-cle-en-main-laval/
200	278704	https://evenox.ca/evenement-cle-en-main-longueuil/
200	278746	https://evenox.ca/evenement-cle-en-main-montreal/
200	278666	https://evenox.ca/evenement-cle-en-main-rive-nord/
200	278723	https://evenox.ca/evenement-cle-en-main-terrebonne/
200	257266	https://evenox.ca/graduation-laval/
200	257553	https://evenox.ca/graduation-montreal/
200	252373	https://evenox.ca/graduation-prom/
200	257484	https://evenox.ca/graduation-rive-nord/
200	255181	https://evenox.ca/jeux-blainville/
200	274204	https://evenox.ca/jeux-et-activites/
200	425450	https://evenox.ca/jeux-geants-interactifs/
200	254965	https://evenox.ca/jeux-laval/
200	255086	https://evenox.ca/jeux-longueuil/
200	255121	https://evenox.ca/jeux-montreal/
200	255073	https://evenox.ca/jeux-rive-nord/
200	255164	https://evenox.ca/jeux-terrebonne/
200	344571	https://evenox.ca/location-arcade/
200	354257	https://evenox.ca/location-chaise-pliante/
200	271521	https://evenox.ca/location-chaises/
200	272336	https://evenox.ca/location-chaises-blainville/
200	272213	https://evenox.ca/location-chaises-laval/
200	272314	https://evenox.ca/location-chaises-montreal/
200	272501	https://evenox.ca/location-chaises-sainte-therese/
200	267956	https://evenox.ca/location-chiffres-lumineux/
200	270236	https://evenox.ca/location-chiffres-lumineux-blainville/
200	270117	https://evenox.ca/location-chiffres-lumineux-laval/
200	270217	https://evenox.ca/location-chiffres-lumineux-montreal/
200	270351	https://evenox.ca/location-chiffres-lumineux-sainte-therese/
200	370684	https://evenox.ca/location-decoration-evenementielle/
200	254748	https://evenox.ca/location-equipement/
200	255179	https://evenox.ca/location-equipement-blainville/
200	279921	https://evenox.ca/location-equipement-ecole/
200	254941	https://evenox.ca/location-equipement-laval/
200	255078	https://evenox.ca/location-equipement-longueuil/
200	288090	https://evenox.ca/location-equipement-mariage/
200	288474	https://evenox.ca/location-equipement-mariage-blainville/
200	288280	https://evenox.ca/location-equipement-mariage-laval/
200	273707	https://evenox.ca/location-equipement-mariage-longueuil/
200	288438	https://evenox.ca/location-equipement-mariage-montreal/
200	288421	https://evenox.ca/location-equipement-mariage-rive-nord/
200	288440	https://evenox.ca/location-equipement-mariage-terrebonne/
200	255214	https://evenox.ca/location-equipement-montreal/
200	255073	https://evenox.ca/location-equipement-rive-nord/
200	255162	https://evenox.ca/location-equipement-terrebonne/
200	396870	https://evenox.ca/location-jeu-interieur/
200	267457	https://evenox.ca/location-jeux-arcade/
200	268308	https://evenox.ca/location-jeux-arcade-blainville/
200	269887	https://evenox.ca/location-jeux-arcade-laval/
200	268286	https://evenox.ca/location-jeux-arcade-montreal/
200	268446	https://evenox.ca/location-jeux-arcade-sainte-therese/
200	395239	https://evenox.ca/location-jeux-exterieur/
200	276883	https://evenox.ca/location-jeux-exterieurs/
200	277671	https://evenox.ca/location-jeux-exterieurs-blainville/
200	368353	https://evenox.ca/location-jeux-exterieurs-equipement/
200	277544	https://evenox.ca/location-jeux-exterieurs-laval/
200	277651	https://evenox.ca/location-jeux-exterieurs-montreal/
200	277805	https://evenox.ca/location-jeux-exterieurs-sainte-therese/
200	348389	https://evenox.ca/location-jeux-geants/
200	374149	https://evenox.ca/location-jeux-gonflable/
200	350527	https://evenox.ca/location-jeux-gonflables/
200	286056	https://evenox.ca/location-jeux-gonflables-blainville/
200	288344	https://evenox.ca/location-jeux-gonflables-laval/
200	283247	https://evenox.ca/location-jeux-gonflables-saint-eustache/
200	376381	https://evenox.ca/location-jeux-techno/
200	339342	https://evenox.ca/location-lettres-lumineuses/
200	269024	https://evenox.ca/location-machines-friandises/
200	269876	https://evenox.ca/location-machines-friandises-blainville/
200	269748	https://evenox.ca/location-machines-friandises-laval/
200	269855	https://evenox.ca/location-machines-friandises-montreal/
200	270009	https://evenox.ca/location-machines-friandises-sainte-therese/
200	339660	https://evenox.ca/location-machines-gourmandises/
200	284180	https://evenox.ca/location-materiel-evenementiel-blainville/
200	284361	https://evenox.ca/location-materiel-evenementiel-laval/
200	286543	https://evenox.ca/location-materiel-evenementiel-rosemere/
200	286607	https://evenox.ca/location-materiel-evenementiel-sainte-therese/
200	334073	https://evenox.ca/location-mur-de-fleurs-arches/
200	271328	https://evenox.ca/location-photobooth-blainville/
200	271129	https://evenox.ca/location-photobooth-laval/
200	271279	https://evenox.ca/location-photobooth-longueuil/
200	271297	https://evenox.ca/location-photobooth-montreal/
200	271289	https://evenox.ca/location-photobooth-rive-nord/
200	271294	https://evenox.ca/location-photobooth-terrebonne/
200	356351	https://evenox.ca/location-table-chaise-pliante/
200	271743	https://evenox.ca/location-tables/
200	269501	https://evenox.ca/location-tables-blainville/
200	381575	https://evenox.ca/location-tables-chaises/
200	281543	https://evenox.ca/location-tables-chaises-laval/
200	281587	https://evenox.ca/location-tables-chaises-montreal/
200	269396	https://evenox.ca/location-tables-laval/
200	269506	https://evenox.ca/location-tables-montreal/
200	353780	https://evenox.ca/location-tables-rive-nord/
200	269666	https://evenox.ca/location-tables-sainte-therese/
200	333356	https://evenox.ca/location-videobooth-360/
200	279134	https://evenox.ca/mariage-blainville/
200	278933	https://evenox.ca/mariage-laval/
200	279081	https://evenox.ca/mariage-longueuil/
200	279144	https://evenox.ca/mariage-montreal/
200	279109	https://evenox.ca/mariage-rive-nord/
200	279100	https://evenox.ca/mariage-terrebonne/
200	257898	https://evenox.ca/municipalite-laval/
200	258128	https://evenox.ca/municipalite-montreal/
200	258055	https://evenox.ca/municipalite-rive-nord/
200	274257	https://evenox.ca/party-noel-corporatif-blainville/
200	274043	https://evenox.ca/party-noel-corporatif-laval/
200	274205	https://evenox.ca/party-noel-corporatif-longueuil/
200	274241	https://evenox.ca/party-noel-corporatif-montreal/
200	274214	https://evenox.ca/party-noel-corporatif-rive-nord/
200	274223	https://evenox.ca/party-noel-corporatif-terrebonne/
200	229781	https://evenox.ca/2476-2/
200	344176	https://evenox.ca/activites/
200	248022	https://evenox.ca/a-propos/
200	283916	https://evenox.ca/baby-shower-gender-reveal/
200	238218	https://evenox.ca/blogue/
200	255363	https://evenox.ca/carrieres/
200	329083	https://evenox.ca/chapiteaux-structures-evenementielles/
200	235795	https://evenox.ca/cinema-plein-air/
200	247512	https://evenox.ca/conditions-de-location-evenox/
200	327515	https://evenox.ca/congres-et-conference-corporative/
200	258362	https://evenox.ca/contact/
200	279731	https://evenox.ca/decorations-mariage/
200	322898	https://evenox.ca/demande-en-mariage/
200	261823	https://evenox.ca/demande-en-mariage-soumission-rapide/
200	459991	https://evenox.ca/equipement/
200	278325	https://evenox.ca/evenement-cle-en-main/
200	245482	https://evenox.ca/evenement-scolaire/
200	349056	https://evenox.ca/forfait/
200	341573	https://evenox.ca/forfait-5-a-7-equipe/
200	343633	https://evenox.ca/forfait-decor-wow/
200	343458	https://evenox.ca/forfait-gala-signature/
200	364180	https://evenox.ca/forfait-jeux-essentiel/
200	340756	https://evenox.ca/forfait-jeux-premium/
200	345625	https://evenox.ca/forfait-mariage-signature/
200	342086	https://evenox.ca/forfait-mega-fete/
200	263960	https://evenox.ca/forfait-mobilier-12-places/
200	263927	https://evenox.ca/forfait-mobilier-24-places/
200	263970	https://evenox.ca/forfait-mobilier-48-places/
200	344731	https://evenox.ca/forfait-mobilier-essentiel/
200	227983	https://evenox.ca/forfait-mobilier-evenement/
200	336230	https://evenox.ca/forfait-mobilier-grande-salle/
200	336295	https://evenox.ca/forfait-mobilier-reception/
200	342774	https://evenox.ca/forfait-party-de-bureau/
200	358257	https://evenox.ca/forfait-party-de-noel-entreprise/
200	263620	https://evenox.ca/forfaits-corporatif/
200	261452	https://evenox.ca/forfaits-fete-enfants/
200	263895	https://evenox.ca/forfaits-mariage/
200	343268	https://evenox.ca/forfait-soiree-signature/
200	341456	https://evenox.ca/forfaits-photobooth/
200	263892	https://evenox.ca/forfaits-tables-chaises/
200	336373	https://evenox.ca/friandises-confiseries/
200	327267	https://evenox.ca/gala-corporatif/
200	344588	https://evenox.ca/gala-evenement-privee/
200	324878	https://evenox.ca/guide-de-reservation/
200	235017	https://evenox.ca/halloween-minuit20/
200	331803	https://evenox.ca/jeu-arcade/
200	254832	https://evenox.ca/jeux/
200	297647	https://evenox.ca/jour-j/
200	327424	https://evenox.ca/lancement_de_produit/
200	340669	https://evenox.ca/lettres-lumineuses/
200	236118	https://evenox.ca/livraison/
200	237107	https://evenox.ca/livraison-corporative/
200	391434	https://evenox.ca/machines-gourmandises/
200	271515	https://evenox.ca/mariage/
200	378305	https://evenox.ca/marquee-letter/
200	227649	https://evenox.ca/merci-soumission/
200	260131	https://evenox.ca/municipalite/
200	279441	https://evenox.ca/mur-decoratif/
200	353055	https://evenox.ca/nos-forfaits-tout-inclus/
200	327100	https://evenox.ca/organisation-evenement-municipal/
200	328451	https://evenox.ca/party-bureau-corporatif/
200	331397	https://evenox.ca/party-noel-corporatif/
200	290561	https://evenox.ca/party-pour-adulte/
200	324023	https://evenox.ca/photobooth/
200	301614	https://evenox.ca/photobooth-360/
200	275428	https://evenox.ca/photobooth-location-montreal-evenox/
200	248163	https://evenox.ca/politique-de-confidentialite/
200	575109	https://evenox.ca/produits-categories/
200	337483	https://evenox.ca/team-building/
200	290061	https://evenox.ca/team-building-activitecorpo/
200	385956	https://evenox.ca/test-chaise-pliante-noire/
200	265190	https://evenox.ca/type-devenement-mariage-anniversaire/
200	363444	https://evenox.ca/ustensile-et-vaiselle/
200	271190	https://evenox.ca/blog/
200	272459	https://evenox.ca/category/blog/
200	278433	https://evenox.ca/category/guides/
200	310260	https://evenox.ca/choisir-jeu-gonflable-selon-age/
200	295568	https://evenox.ca/combien-coute-la-location-dun-jeu-gonflable-au-quebec/
200	296258	https://evenox.ca/combien-coute-la-location-dun-photobooth-au-quebec/
200	270968	https://evenox.ca/comment-choisir-le-bon-jeu-gonflable-pour-lanniversaire-de-mon-enfant/
200	316369	https://evenox.ca/idees-activites-5-a-7-entreprise/
200	271581	https://evenox.ca/les-meilleurs-endroits-pour-une-demande-en-mariage-inoubliable/
200	307437	https://evenox.ca/organiser-fete-enfants-maison-budget-checklist/
200	306711	https://evenox.ca/party-de-bureau-noel-guide-planification-2026/
200	314310	https://evenox.ca/party-halloween-maison-idees-checklist/
200	310181	https://evenox.ca/prix-location-lettres-lumineuses-quebec/
200	306001	https://evenox.ca/prix-location-tables-chaises-quebec/
200	331053	https://evenox.ca/product/accessoire-a-photobooth/
200	317188	https://evenox.ca/product/arche-decoration/
200	303974	https://evenox.ca/product/assiette-decorative-blanche/
200	303818	https://evenox.ca/product/assiette-decorative-noire/
200	290772	https://evenox.ca/product/balles-assorties/
200	314667	https://evenox.ca/product/bar-portatif/
200	374030	https://evenox.ca/product/basket-pong/
200	290805	https://evenox.ca/product/boite-baby-gender-reveal/
200	314297	https://evenox.ca/product/bol-a-salade-pate-location/
200	315098	https://evenox.ca/product/bougie-a-batterie/
200	291298	https://evenox.ca/product/cafetiere-100-tasses/
200	330944	https://evenox.ca/product/canon-a-bulles/
200	342812	https://evenox.ca/product/canopy-tent-10-x-10/
200	380793	https://evenox.ca/product-category/accessoire/
200	387741	https://evenox.ca/product-category/cinema-maison/
200	388868	https://evenox.ca/product-category/confiserie/
200	358848	https://evenox.ca/product-category/confiserie/barbe-a-papa/
200	384962	https://evenox.ca/product-category/confiserie/creme-glacee/
200	358959	https://evenox.ca/product-category/confiserie/popcorn/
200	391408	https://evenox.ca/product-category/decoration/
200	374982	https://evenox.ca/product-category/equipement/
200	367508	https://evenox.ca/product-category/equipement/audiovisuel/
200	365250	https://evenox.ca/product-category/equipement/chaises/
200	385042	https://evenox.ca/product-category/equipement/chapiteau/
200	375806	https://evenox.ca/product-category/equipement/divers-equipement/
200	374692	https://evenox.ca/product-category/equipement/evenement-equipement/
200	382636	https://evenox.ca/product-category/equipement/ustensile-coutillerie/
200	384776	https://evenox.ca/product-category/equipement/utilitaire/
200	384560	https://evenox.ca/product-category/evenement/
200	365164	https://evenox.ca/product-category/evenement/corporatif/
200	469647	https://evenox.ca/product-category/evenement/demande-en-mariage/
200	384541	https://evenox.ca/product-category/evenement/gender-reveal/
200	383658	https://evenox.ca/product-category/evenement/mariage/
200	392373	https://evenox.ca/product-category/forfait/
200	385118	https://evenox.ca/product-category/forfait-jeux-ext/
200	363830	https://evenox.ca/product-category/jeuxgonflable/
200	364524	https://evenox.ca/product-category/jeux-interactif/
200	388613	https://evenox.ca/product-category/jeux-interactif/jeu-arcade/
200	364670	https://evenox.ca/product-category/jeux-interactif/jeux-exterieur/
200	365301	https://evenox.ca/product-category/jeux-interactif/jeux-geant/
200	364827	https://evenox.ca/product-category/jeux-interactif/jeux-interieur/
200	356191	https://evenox.ca/product-category/machine-a-etincelle/
200	391346	https://evenox.ca/product-category/marquee/
200	369972	https://evenox.ca/product-category/mur-decoratif/
200	375943	https://evenox.ca/product-category/rallonge/
200	380827	https://evenox.ca/product-category/tables/
200	386940	https://evenox.ca/product-category/tables/nappe/
200	364035	https://evenox.ca/product-category/team-building/
200	374230	https://evenox.ca/product-category/uncategorized/
200	372757	https://evenox.ca/product-category/videobooth-photobooth/
200	290053	https://evenox.ca/product/centre-de-table-1-a-20/
200	398119	https://evenox.ca/product/chaise-chiavari/
200	414104	https://evenox.ca/product/chaise-de-trone-blanc-et-argent/
200	413966	https://evenox.ca/product/chaise-de-trone-noire-et-or/
200	395543	https://evenox.ca/product/chaise-emmanuelle/
200	334617	https://evenox.ca/product/chaise-martha/
200	416990	https://evenox.ca/product/chaise-pliante/
200	407227	https://evenox.ca/product/chaise-pliante-blanche/
200	338002	https://evenox.ca/product/chaise-pliante-en-location/
200	316019	https://evenox.ca/product/chevalet/
200	314500	https://evenox.ca/product/chevalet-premium-location/
200	291114	https://evenox.ca/product/chiffres-illuminees-20/
200	291101	https://evenox.ca/product/chiffres-illuminees-30/
200	291114	https://evenox.ca/product/chiffres-illuminees-40/
200	291143	https://evenox.ca/product/chiffres-illuminees-70/
200	318613	https://evenox.ca/product/chiffres-lumineux-18-ans/
200	319603	https://evenox.ca/product/chiffres-lumineux-40-ans/
200	319783	https://evenox.ca/product/chiffres-lumineux-50-ans/
200	318930	https://evenox.ca/product/chiffres-lumineux-60-ans/
200	317822	https://evenox.ca/product/chiffres-lumineux-70-ans/
200	348010	https://evenox.ca/product/chiffres-lumineux-geants-marquee-number/
200	345645	https://evenox.ca/product/cones-de-barbe-a-papa/
200	365271	https://evenox.ca/product/connect-4-geant/
200	358102	https://evenox.ca/product/cornhole/
200	316583	https://evenox.ca/product/course-de-sac-a-patate/
200	305800	https://evenox.ca/product/couteau-a-beurre/
200	303942	https://evenox.ca/product/couteau-a-steak/
200	317449	https://evenox.ca/product/croquet/
200	305910	https://evenox.ca/product/cuillere-a-dessert/
200	414295	https://evenox.ca/product/demande-en-mariage-loriginale/
200	297596	https://evenox.ca/product/demande-en-mariage-lultime/
200	290697	https://evenox.ca/product/distributeur-deau-portatif/
200	313108	https://evenox.ca/product/distributeur-de-boisson/
200	317228	https://evenox.ca/product/divan-gonflable/
200	314628	https://evenox.ca/product/dunk-tank/
200	292177	https://evenox.ca/product/ecran-gonflable-20-pieds/
200	317035	https://evenox.ca/product/ecran-television-40-pouces-en-location/
200	331597	https://evenox.ca/product/ensemble-de-10-table-a-cocktail-nappe-tabouret/
200	332372	https://evenox.ca/product/escalier-de-scene-3-marches/
200	292255	https://evenox.ca/product/extension-electrique-100-pieds/
200	280151	https://evenox.ca/product/extension-electrique-10-pieds/
200	290874	https://evenox.ca/product/extension-electrique-3-pieds/
200	314983	https://evenox.ca/product/fleur-artificielle/
200	303781	https://evenox.ca/product/flute-a-champagne/
200	309297	https://evenox.ca/product/fontaine-de-chocolat/
200	319874	https://evenox.ca/product/fontaine-de-jus-boisson/
200	316367	https://evenox.ca/product/fontaine-de-jus-boisson-en-location/
200	291429	https://evenox.ca/product/forfait-billard-de-golf/
200	291404	https://evenox.ca/product/forfait-classique-24-personnes/
200	290568	https://evenox.ca/product/forfait-cle-en-main-2-machine-a-etincelle/
200	292077	https://evenox.ca/product/forfait-cle-en-main-4-machine-a-etincelle/
200	291823	https://evenox.ca/product/forfait-cle-en-main-barbe-a-papa-50-personnes/
200	291628	https://evenox.ca/product/forfait-cle-en-main-popcorn-100-personnes/
200	291649	https://evenox.ca/product/forfait-cle-en-main-popcorn-50-personnes/
200	291694	https://evenox.ca/product/forfait-cle-en-main-slush-100-personnes/
200	294197	https://evenox.ca/product/forfait-cle-en-main-slush-500-personnes/
200	291532	https://evenox.ca/product/forfait-cle-en-main-slush-50-personnes/
200	319002	https://evenox.ca/product/forfait-creme-molle-50-portions/
200	332436	https://evenox.ca/product/forfait-decoration-prestige/
200	338535	https://evenox.ca/product/forfait-de-jeux-essentiel/
200	291281	https://evenox.ca/product/forfait-du-royaume-enchante/
200	332293	https://evenox.ca/product/forfait-elegance-20-personnes/
200	328148	https://evenox.ca/product/forfait-essentiel-12-personnes/
200	329126	https://evenox.ca/product/forfait-grand-evenement-200-personnes/
200	291369	https://evenox.ca/product/forfait-guerre-des-nerf/
200	342581	https://evenox.ca/product/forfait-jeu-cle-en-main/
200	291454	https://evenox.ca/product/forfait-jeu-gonflable-vip/
200	331136	https://evenox.ca/product/forfait-jeu-mega-fete/
200	291176	https://evenox.ca/product/forfait-jeux-darcade/
200	290186	https://evenox.ca/product/forfait-karaoke-avec-ecran/
200	290973	https://evenox.ca/product/forfait-mariage/
200	291230	https://evenox.ca/product/forfait-mini-putt/
200	331384	https://evenox.ca/product/forfait-nintendo-switch/
200	291303	https://evenox.ca/product/forfait-parcours-mario-kart/
200	291275	https://evenox.ca/product/forfait-plus-50-personnes/
200	328932	https://evenox.ca/product/forfait-prestige-30-personnes/
200	291465	https://evenox.ca/product/forfait-reception-100-personnes/
200	291184	https://evenox.ca/product/forfait-soccer-bulle/
200	327601	https://evenox.ca/product/forfait-sugar-rush/
200	291114	https://evenox.ca/product/forfait-super-heros/
200	291478	https://evenox.ca/product/forfait-tapis-rouge-10-pieds-poteaux/
200	291839	https://evenox.ca/product/forfait-tapis-rouge-20-pieds-poteaux/
200	290382	https://evenox.ca/product/forfait-tapis-rouge-40-pieds-poteaux/
200	291875	https://evenox.ca/product/forfait-tapis-rouge-60-pieds-poteaux/
200	292027	https://evenox.ca/product/forfait-toute-inclus-guess-who/
200	290978	https://evenox.ca/product/forfait-ustensile/
200	304359	https://evenox.ca/product/fourchette-a-salade-simple/
200	306906	https://evenox.ca/product/fourchette-a-souper-2/
200	291303	https://evenox.ca/product/gender-reveal-setup/
200	331667	https://evenox.ca/product/generatrice-a-essence-location/
200	313685	https://evenox.ca/product/glaciere/
200	336520	https://evenox.ca/product/grain-de-popcorn/
200	322623	https://evenox.ca/product/guess-who-geant/
200	315765	https://evenox.ca/product/guirlande-lumiere/
200	328051	https://evenox.ca/product/haut-parleur-speaker/
200	366514	https://evenox.ca/product/jenga-geant/
200	329795	https://evenox.ca/product/jetons-de-poker-professionnels-location/
200	322368	https://evenox.ca/product/jeu-de-skeeball-arcade-9-pieds/
200	373806	https://evenox.ca/product/jeu-de-tetris-geant/
200	368398	https://evenox.ca/product/jeu-gonflable-minions/
200	317884	https://evenox.ca/product/jeu-gonflable-mini-princesse/
200	372474	https://evenox.ca/product/jeu-gonflable-pat-patrouille-xl/
200	364552	https://evenox.ca/product/jeu-gonflable-spiderman/
200	354099	https://evenox.ca/product/jeu-gonflable-spiderman-xl/
200	376589	https://evenox.ca/product/jeu-pong-geant/
200	369729	https://evenox.ca/product/jeu-putterball/
200	317234	https://evenox.ca/product/jeux-arcade-multijeux-100-jeux/
200	315018	https://evenox.ca/product/jeux-dames-geant/
200	313486	https://evenox.ca/product/jeux-de-parachute-location/
200	344272	https://evenox.ca/product/jeux-gonflable-avengers/
200	380506	https://evenox.ca/product/jeux-gonflable-forteresse/
200	408764	https://evenox.ca/product/jeux-gonflable-moyen-bouncer/
200	342270	https://evenox.ca/product/jeux-gonflable-parcours-dobstacle/
200	380882	https://evenox.ca/product/jeux-gonflable-pat-patrouille-2/
200	350478	https://evenox.ca/product/jeux-gonflable-reine-des-neiges-commerciale/
200	363744	https://evenox.ca/product/jeux-gonflable-terrain-de-basket/
200	314388	https://evenox.ca/product/jeux-mario-kart-nintendo-switch-location/
200	313388	https://evenox.ca/product/jeux-pichenettes/
200	331183	https://evenox.ca/product/jupe-de-scene/
200	290988	https://evenox.ca/product/kan-jam/
200	291061	https://evenox.ca/product/la-demande-originale/
200	291111	https://evenox.ca/product/la-demande-ultime/
200	351147	https://evenox.ca/product/lancer-de-hache/
200	334515	https://evenox.ca/product/lanniversaire-vip-forfait-premium-photobooth-animation-evenox/
200	290500	https://evenox.ca/product/lanterne-decorative/
200	316361	https://evenox.ca/product/laser-tag/
200	341380	https://evenox.ca/product/le-forfait-de-lete/
200	349600	https://evenox.ca/product/lettre-illuminee-marquee-letter/
200	318005	https://evenox.ca/product/lettres-lumineuses-grad/
200	316972	https://evenox.ca/product/lettres-lumineuses-ohbaby-location/
200	318298	https://evenox.ca/product/lettres-lumineuses-prom/
200	315257	https://evenox.ca/product/location-candy-cart/
200	333140	https://evenox.ca/product/location-ensemble-golf-xl/
200	367973	https://evenox.ca/product/location-jeu-gonflable-licorne/
200	361430	https://evenox.ca/product/location-jeu-gonflable-mario-bros/
200	371566	https://evenox.ca/product/location-jeu-gonflable-mickey-mouse/
200	412565	https://evenox.ca/product/location-jeu-gonflable-princesse-xl/
200	332583	https://evenox.ca/product/location-jeu-guess-who-xl/
200	331661	https://evenox.ca/product/location-jeu-kerplunk-xl/
200	332461	https://evenox.ca/product/location-jeu-plinko-xl/
200	318331	https://evenox.ca/product/location-machine-creme-glacee-molle/
200	315507	https://evenox.ca/product/location-piscine-a-balle-xl/
200	358947	https://evenox.ca/product/location-table-de-baby-foot/
200	346221	https://evenox.ca/product/location-table-en-bois-pliante/
200	343637	https://evenox.ca/product/location-table-ronde-60-pouces/
200	313064	https://evenox.ca/product/lumiere-led/
200	331584	https://evenox.ca/product/machine-a-barbe-a-papa-sucre-cone/
200	291858	https://evenox.ca/product/machine-a-brouillard/
200	313409	https://evenox.ca/product/machine-a-bulle/
200	320107	https://evenox.ca/product/machine-a-creme-glacee-molle/
200	357114	https://evenox.ca/product/machine-a-etincelle/
200	305213	https://evenox.ca/product/machine-a-glace-seche/
200	291384	https://evenox.ca/product/machine-a-popcorn-avec-grain/
200	315796	https://evenox.ca/product/machine-arcade-pacman/
200	351745	https://evenox.ca/product/machine-a-slush/
200	343308	https://evenox.ca/product/machine-barbe-a-papa/
200	345340	https://evenox.ca/product/machine-de-karaoke/
200	314058	https://evenox.ca/product/machine-hot-dog/
200	340390	https://evenox.ca/product/machine-popcorn/
200	290900	https://evenox.ca/product/marquee-4-ballon/
200	320749	https://evenox.ca/product/marquee-love/
200	319189	https://evenox.ca/product/mur-a-champagne/
200	313550	https://evenox.ca/product/mur-a-shooter/
200	317171	https://evenox.ca/product/mur-de-fleur/
200	290018	https://evenox.ca/product/mur-de-gazon/
200	313840	https://evenox.ca/product/mur-scintillant/
200	313811	https://evenox.ca/product/murs-lateraux-chapiteaux-location/
200	316647	https://evenox.ca/product/napkins-de-table-location/
200	324181	https://evenox.ca/product/nappe-a-table-ronde-6-pieds/
200	349635	https://evenox.ca/product/nappe-de-table-noire/
200	347252	https://evenox.ca/product/nappe-table-a-cocktail/
200	279316	https://evenox.ca/product/neon-marry-me/
200	313009	https://evenox.ca/product/neon-oh-baby/
200	290459	https://evenox.ca/product/nerf-gun/
200	314401	https://evenox.ca/product/nintendo-switch-location/
200	318003	https://evenox.ca/product/package-chiffres-16-package-marquee-number-sweet-16/
200	332316	https://evenox.ca/product/panneau-de-scene-stage-4-x-8/
200	291334	https://evenox.ca/product/peluche-ourson/
200	314815	https://evenox.ca/product/petale-de-fleur/
200	290786	https://evenox.ca/product/petale-de-fleur-rouge-lot-de-100/
200	288906	https://evenox.ca/product/photobooth-avec-animation/
200	303455	https://evenox.ca/product/pilier/
200	358356	https://evenox.ca/product/plan-de-table-mariage-personalisable/
200	331396	https://evenox.ca/product/plaque-de-support/
200	347225	https://evenox.ca/product/poids-de-support-pour-chapiteau-lot-de-4/
200	314737	https://evenox.ca/product/pompe-a-balloune/
200	331724	https://evenox.ca/product/poteau-vertical/
200	313018	https://evenox.ca/product/poubelle/
200	345988	https://evenox.ca/product/poudre-a-etincelle/
200	290716	https://evenox.ca/product/pouf-poire-gonflable/
200	314076	https://evenox.ca/product/projecteur-bluetooth/
200	311070	https://evenox.ca/product/rechaud/
200	332174	https://evenox.ca/product/rideau-de-fond/
200	327765	https://evenox.ca/product/rouedebingo/
200	290933	https://evenox.ca/product/roue-de-chance/
200	312996	https://evenox.ca/product/sac-de-popcorn/
200	314453	https://evenox.ca/product/sac-de-popcorn-jetable-32-oz/
200	364457	https://evenox.ca/product/serpent-echelle-geant/
200	342611	https://evenox.ca/product/sirop-slush/
200	368920	https://evenox.ca/product/soccer-bulle/
200	326939	https://evenox.ca/product/soccer-dart-gonflable-geant/
200	316062	https://evenox.ca/product/sofa-poire/
200	304639	https://evenox.ca/product/sous-assiette/
200	315909	https://evenox.ca/product/spikeball/
200	291106	https://evenox.ca/product/station-bbq-a-gaz/
200	291393	https://evenox.ca/product/station-du-bec-sucre/
200	291858	https://evenox.ca/product/sucre-barbe-a-papa-cone-barbe-a-papa/
200	345020	https://evenox.ca/product/sucre-de-barbe-a-papa/
200	315557	https://evenox.ca/product/support-a-television-en-location/
200	332600	https://evenox.ca/product/support-de-barre-transversale-6-8-10-pieds/
200	291459	https://evenox.ca/product/systeme-de-support-de-toile/
200	340514	https://evenox.ca/product/table-a-cocktail/
200	291171	https://evenox.ca/product/table-a-cocktail-nappe/
200	330989	https://evenox.ca/product/table-a-cocktail-nappe-tabouret/
200	370249	https://evenox.ca/product/table-air-hockey-en-location/
200	316699	https://evenox.ca/product/tableau-blanc-48-x-36/
200	316599	https://evenox.ca/product/table-beer-pong/
200	315475	https://evenox.ca/product/table-de-billard-portable/
200	369000	https://evenox.ca/product/table-de-missisipi/
200	364143	https://evenox.ca/product/table-de-ping-pong/
200	330795	https://evenox.ca/product/table-de-poker-8-places-location/
200	329181	https://evenox.ca/product/table-de-soccer-geant-1-v-1/
200	348738	https://evenox.ca/product/table-pliante/
200	356360	https://evenox.ca/product/table-pliante-ronde-4-pieds/
200	315489	https://evenox.ca/product/tabouret-de-bar-noire-en-metal/
200	383217	https://evenox.ca/product-tag/bq-stage-4x8/
200	314970	https://evenox.ca/product/tapis-de-bar/
200	351298	https://evenox.ca/product/tapis-rouge/
200	368228	https://evenox.ca/product/tic-tac-toe-geant/
200	316183	https://evenox.ca/product/tug-of-war/
200	290887	https://evenox.ca/product/twister-geant/
200	290975	https://evenox.ca/product/vases-cylindrique-10-pouces/
200	303834	https://evenox.ca/product/verre-a-martigny/
200	303229	https://evenox.ca/product/verre-deau/
200	372904	https://evenox.ca/shop/
